---
source: tests/it/unit/snapshot_tests.rs
assertion_line: 424
expression: settings
---
{
  "theme": "Default Dark",
  "font": "Iosevka Nerd Font",
  "font_size": 14.0,
  "canvas_background": "#1a1a1a",
  "grid_size": 20.0,
  "show_grid": false,
  "snap_to_grid": false,
  "auto_save_interval": 30,
  "max_undo_history": 100,
  "zoom_sensitivity": 1.0,
  "pan_sensitivity": 1.0,
  "reduce_motion": "system",
  "high_contrast": false
}
